// Jest Snapshot v1, https://goo.gl/fbAQLP

exports[`Profile Page should match snapshot 1`] = `
<div>
  <div
    class="MuiBox-root css-wlq4rs"
  >
    <div
      class="main-header MuiBox-root css-k008qs"
      data-testid="main-header"
    >
      <div
        class="main-menu MuiBox-root css-14vpuhd"
        data-testid="main-menu"
      >
        <div
          class="MuiPaper-root MuiPaper-outlined MuiPaper-rounded css-9y0w1q-MuiPaper-root"
        >
          <ul
            class="MuiList-root MuiList-padding css-11b7ntw-MuiList-root"
          >
            <a
              class="MuiTypography-root MuiTypography-inherit MuiLink-root MuiLink-underlineNone css-1cmksfb-MuiTypography-root-MuiLink-root"
              href="/"
            >
              <li
                class="MuiListItem-root MuiListItem-gutters MuiListItem-padding css-xfsx2q-MuiListItem-root"
              >
                <div
                  class="MuiListItemText-root css-1dyz23z-MuiListItemText-root"
                >
                  <span
                    class="MuiTypography-root MuiTypography-body1 MuiListItemText-primary css-10hburv-MuiTypography-root"
                  >
                    Main
                  </span>
                </div>
                <div
                  class="MuiListItemIcon-root css-cveggr-MuiListItemIcon-root"
                />
              </li>
            </a>
            <a
              class="MuiTypography-root MuiTypography-inherit MuiLink-root MuiLink-underlineNone css-1cmksfb-MuiTypography-root-MuiLink-root"
              href="/profile"
            >
              <li
                class="MuiListItem-root MuiListItem-gutters MuiListItem-padding css-xfsx2q-MuiListItem-root"
              >
                <div
                  class="MuiListItemText-root css-1dyz23z-MuiListItemText-root"
                >
                  <span
                    class="MuiTypography-root MuiTypography-body1 MuiListItemText-primary css-10hburv-MuiTypography-root"
                  >
                    Profile
                  </span>
                </div>
                <div
                  class="MuiListItemIcon-root css-cveggr-MuiListItemIcon-root"
                >
                  <svg
                    aria-hidden="true"
                    class="MuiSvgIcon-root MuiSvgIcon-fontSizeSmall css-ptiqhd-MuiSvgIcon-root"
                    data-testid="SettingsIcon"
                    focusable="false"
                    viewBox="0 0 24 24"
                  >
                    <path
                      d="M19.14 12.94c.04-.3.06-.61.06-.94 0-.32-.02-.64-.07-.94l2.03-1.58c.18-.14.23-.41.12-.61l-1.92-3.32c-.12-.22-.37-.29-.59-.22l-2.39.96c-.5-.38-1.03-.7-1.62-.94l-.36-2.54c-.04-.24-.24-.41-.48-.41h-3.84c-.24 0-.43.17-.47.41l-.36 2.54c-.59.24-1.13.57-1.62.94l-2.39-.96c-.22-.08-.47 0-.59.22L2.74 8.87c-.12.21-.08.47.12.61l2.03 1.58c-.05.3-.09.63-.09.94s.02.64.07.94l-2.03 1.58c-.18.14-.23.41-.12.61l1.92 3.32c.12.22.37.29.59.22l2.39-.96c.5.38 1.03.7 1.62.94l.36 2.54c.05.24.24.41.48.41h3.84c.24 0 .44-.17.47-.41l.36-2.54c.59-.24 1.13-.56 1.62-.94l2.39.96c.22.08.47 0 .59-.22l1.92-3.32c.12-.22.07-.47-.12-.61l-2.01-1.58zM12 15.6c-1.98 0-3.6-1.62-3.6-3.6s1.62-3.6 3.6-3.6 3.6 1.62 3.6 3.6-1.62 3.6-3.6 3.6z"
                    />
                  </svg>
                </div>
              </li>
            </a>
            <a
              class="MuiTypography-root MuiTypography-inherit MuiLink-root MuiLink-underlineNone css-1cmksfb-MuiTypography-root-MuiLink-root"
              href="/leaderboard"
            >
              <li
                class="MuiListItem-root MuiListItem-gutters MuiListItem-padding css-xfsx2q-MuiListItem-root"
              >
                <div
                  class="MuiListItemText-root css-1dyz23z-MuiListItemText-root"
                >
                  <span
                    class="MuiTypography-root MuiTypography-body1 MuiListItemText-primary css-10hburv-MuiTypography-root"
                  >
                    Leaderboard
                  </span>
                </div>
                <div
                  class="MuiListItemIcon-root css-cveggr-MuiListItemIcon-root"
                >
                  <svg
                    aria-hidden="true"
                    class="MuiSvgIcon-root MuiSvgIcon-fontSizeSmall css-ptiqhd-MuiSvgIcon-root"
                    data-testid="StarIcon"
                    focusable="false"
                    viewBox="0 0 24 24"
                  >
                    <path
                      d="M12 17.27 18.18 21l-1.64-7.03L22 9.24l-7.19-.61L12 2 9.19 8.63 2 9.24l5.46 4.73L5.82 21z"
                    />
                  </svg>
                </div>
              </li>
            </a>
            <a
              class="MuiTypography-root MuiTypography-inherit MuiLink-root MuiLink-underlineNone css-1cmksfb-MuiTypography-root-MuiLink-root"
              href="/forum"
            >
              <li
                class="MuiListItem-root MuiListItem-gutters MuiListItem-padding css-xfsx2q-MuiListItem-root"
              >
                <div
                  class="MuiListItemText-root css-1dyz23z-MuiListItemText-root"
                >
                  <span
                    class="MuiTypography-root MuiTypography-body1 MuiListItemText-primary css-10hburv-MuiTypography-root"
                  >
                    Forum
                  </span>
                </div>
                <div
                  class="MuiListItemIcon-root css-cveggr-MuiListItemIcon-root"
                >
                  <svg
                    aria-hidden="true"
                    class="MuiSvgIcon-root MuiSvgIcon-fontSizeSmall css-ptiqhd-MuiSvgIcon-root"
                    data-testid="EmailIcon"
                    focusable="false"
                    viewBox="0 0 24 24"
                  >
                    <path
                      d="M20 4H4c-1.1 0-1.99.9-1.99 2L2 18c0 1.1.9 2 2 2h16c1.1 0 2-.9 2-2V6c0-1.1-.9-2-2-2zm0 4-8 5-8-5V6l8 5 8-5v2z"
                    />
                  </svg>
                </div>
              </li>
            </a>
          </ul>
        </div>
      </div>
      <div
        class="main-action MuiBox-root css-1qny9ir"
      >
        <div
          class="MuiPaper-root MuiPaper-outlined MuiPaper-rounded css-9y0w1q-MuiPaper-root"
        >
          <button
            aria-label="brightness4icon"
            class="MuiButtonBase-root MuiIconButton-root MuiIconButton-sizeSmall css-1sbphdd-MuiButtonBase-root-MuiIconButton-root"
            tabindex="0"
            type="button"
          >
            <svg
              aria-hidden="true"
              class="MuiSvgIcon-root MuiSvgIcon-fontSizeSmall css-ptiqhd-MuiSvgIcon-root"
              data-testid="Brightness4Icon"
              focusable="false"
              viewBox="0 0 24 24"
            >
              <path
                d="M20 8.69V4h-4.69L12 .69 8.69 4H4v4.69L.69 12 4 15.31V20h4.69L12 23.31 15.31 20H20v-4.69L23.31 12 20 8.69zM12 18c-.89 0-1.74-.2-2.5-.55C11.56 16.5 13 14.42 13 12s-1.44-4.5-3.5-5.45C10.26 6.2 11.11 6 12 6c3.31 0 6 2.69 6 6s-2.69 6-6 6z"
              />
            </svg>
            <span
              class="MuiTouchRipple-root css-8je8zh-MuiTouchRipple-root"
            />
          </button>
          <button
            aria-label="brightness4icon"
            class="MuiButtonBase-root MuiIconButton-root MuiIconButton-sizeSmall css-1sbphdd-MuiButtonBase-root-MuiIconButton-root"
            tabindex="0"
            type="button"
          >
            <svg
              aria-hidden="true"
              class="MuiSvgIcon-root MuiSvgIcon-fontSizeMedium css-i4bv87-MuiSvgIcon-root"
              data-testid="LogoutIcon"
              focusable="false"
              viewBox="0 0 24 24"
            >
              <path
                d="m17 7-1.41 1.41L18.17 11H8v2h10.17l-2.58 2.58L17 17l5-5zM4 5h8V3H4c-1.1 0-2 .9-2 2v14c0 1.1.9 2 2 2h8v-2H4V5z"
              />
            </svg>
            <span
              class="MuiTouchRipple-root css-8je8zh-MuiTouchRipple-root"
            />
          </button>
        </div>
      </div>
    </div>
    <div
      class="change-settings MuiBox-root css-276p8j"
    >
      <div
        class="MuiBox-root css-1n2mv2k"
      >
        <div
          class="MuiTabs-root css-1ujnqem-MuiTabs-root"
        >
          <div
            class="MuiTabs-scroller MuiTabs-fixed css-jpln7h-MuiTabs-scroller"
            style="overflow: hidden; margin-bottom: 0px;"
          >
            <div
              aria-label="secondary tabs example"
              class="MuiTabs-flexContainer css-heg063-MuiTabs-flexContainer"
              role="tablist"
            >
              <button
                aria-selected="true"
                class="MuiButtonBase-root MuiTab-root MuiTab-labelIcon MuiTab-textColorSecondary Mui-selected css-gyqbdy-MuiButtonBase-root-MuiTab-root"
                role="tab"
                tabindex="0"
                type="button"
              >
                <svg
                  aria-hidden="true"
                  class="MuiSvgIcon-root MuiSvgIcon-fontSizeMedium MuiTab-iconWrapper css-i4bv87-MuiSvgIcon-root"
                  data-testid="PersonRoundedIcon"
                  focusable="false"
                  viewBox="0 0 24 24"
                >
                  <path
                    d="M12 12c2.21 0 4-1.79 4-4s-1.79-4-4-4-4 1.79-4 4 1.79 4 4 4zm0 2c-2.67 0-8 1.34-8 4v1c0 .55.45 1 1 1h14c.55 0 1-.45 1-1v-1c0-2.66-5.33-4-8-4z"
                  />
                </svg>
                Profile
                <span
                  class="MuiTouchRipple-root css-8je8zh-MuiTouchRipple-root"
                />
              </button>
              <button
                aria-selected="false"
                class="MuiButtonBase-root MuiTab-root MuiTab-labelIcon MuiTab-textColorSecondary css-gyqbdy-MuiButtonBase-root-MuiTab-root"
                role="tab"
                tabindex="-1"
                type="button"
              >
                <svg
                  aria-hidden="true"
                  class="MuiSvgIcon-root MuiSvgIcon-fontSizeMedium MuiTab-iconWrapper css-i4bv87-MuiSvgIcon-root"
                  data-testid="HttpsRoundedIcon"
                  focusable="false"
                  viewBox="0 0 24 24"
                >
                  <path
                    d="M18 8h-1V6c0-2.76-2.24-5-5-5S7 3.24 7 6v2H6c-1.1 0-2 .9-2 2v10c0 1.1.9 2 2 2h12c1.1 0 2-.9 2-2V10c0-1.1-.9-2-2-2zm-6 9c-1.1 0-2-.9-2-2s.9-2 2-2 2 .9 2 2-.9 2-2 2zM9 8V6c0-1.66 1.34-3 3-3s3 1.34 3 3v2H9z"
                  />
                </svg>
                Pasword
                <span
                  class="MuiTouchRipple-root css-8je8zh-MuiTouchRipple-root"
                />
              </button>
              <button
                aria-selected="false"
                class="MuiButtonBase-root MuiTab-root MuiTab-labelIcon MuiTab-textColorSecondary css-gyqbdy-MuiButtonBase-root-MuiTab-root"
                role="tab"
                tabindex="-1"
                type="button"
              >
                <svg
                  aria-hidden="true"
                  class="MuiSvgIcon-root MuiSvgIcon-fontSizeMedium MuiTab-iconWrapper css-i4bv87-MuiSvgIcon-root"
                  data-testid="InsertPhotoRoundedIcon"
                  focusable="false"
                  viewBox="0 0 24 24"
                >
                  <path
                    d="M21 19V5c0-1.1-.9-2-2-2H5c-1.1 0-2 .9-2 2v14c0 1.1.9 2 2 2h14c1.1 0 2-.9 2-2zM8.9 13.98l2.1 2.53 3.1-3.99c.2-.26.6-.26.8.01l3.51 4.68c.25.33.01.8-.4.8H6.02c-.42 0-.65-.48-.39-.81L8.12 14c.19-.26.57-.27.78-.02z"
                  />
                </svg>
                Avatar
                <span
                  class="MuiTouchRipple-root css-8je8zh-MuiTouchRipple-root"
                />
              </button>
            </div>
            <span
              class="MuiTabs-indicator css-11yukd5-MuiTabs-indicator"
              style="left: 0px; width: 0px;"
            />
          </div>
        </div>
      </div>
      <div
        class="MuiBox-root css-0"
      >
        <form
          class="change-profile MuiBox-root css-1swmuve"
          novalidate=""
        >
          <div
            class="MuiPaper-root MuiPaper-elevation MuiPaper-rounded MuiPaper-elevation1 MuiCard-root css-r4g61l-MuiPaper-root-MuiCard-root"
          >
            <div
              class="MuiCardHeader-root css-dlesxj-MuiCardHeader-root"
            >
              <div
                class="MuiCardHeader-content css-1qbkelo-MuiCardHeader-content"
              >
                <span
                  class="MuiTypography-root MuiTypography-h3 MuiCardHeader-title css-1thj51z-MuiTypography-root"
                >
                  Profile
                </span>
              </div>
            </div>
            <div
              class="MuiBox-root css-66gwkh"
            >
              <div
                class="MuiCardContent-root css-46bh2p-MuiCardContent-root"
              >
                <div
                  class="MuiFormControl-root MuiFormControl-marginNormal MuiFormControl-fullWidth MuiTextField-root css-17vbkzs-MuiFormControl-root-MuiTextField-root"
                >
                  <label
                    class="MuiFormLabel-root MuiInputLabel-root MuiInputLabel-formControl MuiInputLabel-animated MuiInputLabel-shrink MuiInputLabel-outlined MuiFormLabel-colorPrimary MuiFormLabel-filled Mui-required MuiInputLabel-root MuiInputLabel-formControl MuiInputLabel-animated MuiInputLabel-shrink MuiInputLabel-outlined css-1sumxir-MuiFormLabel-root-MuiInputLabel-root"
                    data-shrink="true"
                    for="email"
                    id="email-label"
                  >
                    Email
                    <span
                      aria-hidden="true"
                      class="MuiFormLabel-asterisk MuiInputLabel-asterisk css-wgai2y-MuiFormLabel-asterisk"
                    >
                       
                      *
                    </span>
                  </label>
                  <div
                    class="MuiInputBase-root MuiOutlinedInput-root MuiInputBase-colorPrimary MuiInputBase-fullWidth MuiInputBase-formControl css-md26zr-MuiInputBase-root-MuiOutlinedInput-root"
                  >
                    <input
                      aria-invalid="false"
                      class="MuiInputBase-input MuiOutlinedInput-input css-1t8l2tu-MuiInputBase-input-MuiOutlinedInput-input"
                      id="email"
                      name="email"
                      required=""
                      type="email"
                      value="test@email.com"
                    />
                    <fieldset
                      aria-hidden="true"
                      class="MuiOutlinedInput-notchedOutline css-1d3z3hw-MuiOutlinedInput-notchedOutline"
                    >
                      <legend
                        class="css-14lo706"
                      >
                        <span>
                          Email
                           
                          *
                        </span>
                      </legend>
                    </fieldset>
                  </div>
                </div>
                <div
                  class="MuiFormControl-root MuiFormControl-marginNormal MuiFormControl-fullWidth MuiTextField-root css-17vbkzs-MuiFormControl-root-MuiTextField-root"
                >
                  <label
                    class="MuiFormLabel-root MuiInputLabel-root MuiInputLabel-formControl MuiInputLabel-animated MuiInputLabel-shrink MuiInputLabel-outlined MuiFormLabel-colorPrimary MuiFormLabel-filled Mui-required MuiInputLabel-root MuiInputLabel-formControl MuiInputLabel-animated MuiInputLabel-shrink MuiInputLabel-outlined css-1sumxir-MuiFormLabel-root-MuiInputLabel-root"
                    data-shrink="true"
                    for="login"
                    id="login-label"
                  >
                    Login
                    <span
                      aria-hidden="true"
                      class="MuiFormLabel-asterisk MuiInputLabel-asterisk css-wgai2y-MuiFormLabel-asterisk"
                    >
                       
                      *
                    </span>
                  </label>
                  <div
                    class="MuiInputBase-root MuiOutlinedInput-root MuiInputBase-colorPrimary MuiInputBase-fullWidth MuiInputBase-formControl css-md26zr-MuiInputBase-root-MuiOutlinedInput-root"
                  >
                    <input
                      aria-invalid="false"
                      class="MuiInputBase-input MuiOutlinedInput-input css-1t8l2tu-MuiInputBase-input-MuiOutlinedInput-input"
                      id="login"
                      name="login"
                      required=""
                      type="text"
                      value="TestLogin"
                    />
                    <fieldset
                      aria-hidden="true"
                      class="MuiOutlinedInput-notchedOutline css-1d3z3hw-MuiOutlinedInput-notchedOutline"
                    >
                      <legend
                        class="css-14lo706"
                      >
                        <span>
                          Login
                           
                          *
                        </span>
                      </legend>
                    </fieldset>
                  </div>
                </div>
                <div
                  class="MuiFormControl-root MuiFormControl-marginNormal MuiFormControl-fullWidth MuiTextField-root css-17vbkzs-MuiFormControl-root-MuiTextField-root"
                >
                  <label
                    class="MuiFormLabel-root MuiInputLabel-root MuiInputLabel-formControl MuiInputLabel-animated MuiInputLabel-shrink MuiInputLabel-outlined MuiFormLabel-colorPrimary MuiFormLabel-filled Mui-required MuiInputLabel-root MuiInputLabel-formControl MuiInputLabel-animated MuiInputLabel-shrink MuiInputLabel-outlined css-1sumxir-MuiFormLabel-root-MuiInputLabel-root"
                    data-shrink="true"
                    for="first_name"
                    id="first_name-label"
                  >
                    Name
                    <span
                      aria-hidden="true"
                      class="MuiFormLabel-asterisk MuiInputLabel-asterisk css-wgai2y-MuiFormLabel-asterisk"
                    >
                       
                      *
                    </span>
                  </label>
                  <div
                    class="MuiInputBase-root MuiOutlinedInput-root MuiInputBase-colorPrimary MuiInputBase-fullWidth MuiInputBase-formControl css-md26zr-MuiInputBase-root-MuiOutlinedInput-root"
                  >
                    <input
                      aria-invalid="false"
                      class="MuiInputBase-input MuiOutlinedInput-input css-1t8l2tu-MuiInputBase-input-MuiOutlinedInput-input"
                      id="first_name"
                      name="first_name"
                      required=""
                      type="text"
                      value="TestFirstName"
                    />
                    <fieldset
                      aria-hidden="true"
                      class="MuiOutlinedInput-notchedOutline css-1d3z3hw-MuiOutlinedInput-notchedOutline"
                    >
                      <legend
                        class="css-14lo706"
                      >
                        <span>
                          Name
                           
                          *
                        </span>
                      </legend>
                    </fieldset>
                  </div>
                </div>
                <div
                  class="MuiFormControl-root MuiFormControl-marginNormal MuiFormControl-fullWidth MuiTextField-root css-17vbkzs-MuiFormControl-root-MuiTextField-root"
                >
                  <label
                    class="MuiFormLabel-root MuiInputLabel-root MuiInputLabel-formControl MuiInputLabel-animated MuiInputLabel-shrink MuiInputLabel-outlined MuiFormLabel-colorPrimary MuiFormLabel-filled Mui-required MuiInputLabel-root MuiInputLabel-formControl MuiInputLabel-animated MuiInputLabel-shrink MuiInputLabel-outlined css-1sumxir-MuiFormLabel-root-MuiInputLabel-root"
                    data-shrink="true"
                    for="second_name"
                    id="second_name-label"
                  >
                    Second name
                    <span
                      aria-hidden="true"
                      class="MuiFormLabel-asterisk MuiInputLabel-asterisk css-wgai2y-MuiFormLabel-asterisk"
                    >
                       
                      *
                    </span>
                  </label>
                  <div
                    class="MuiInputBase-root MuiOutlinedInput-root MuiInputBase-colorPrimary MuiInputBase-fullWidth MuiInputBase-formControl css-md26zr-MuiInputBase-root-MuiOutlinedInput-root"
                  >
                    <input
                      aria-invalid="false"
                      class="MuiInputBase-input MuiOutlinedInput-input css-1t8l2tu-MuiInputBase-input-MuiOutlinedInput-input"
                      id="second_name"
                      name="second_name"
                      required=""
                      type="text"
                      value="TestSecondName"
                    />
                    <fieldset
                      aria-hidden="true"
                      class="MuiOutlinedInput-notchedOutline css-1d3z3hw-MuiOutlinedInput-notchedOutline"
                    >
                      <legend
                        class="css-14lo706"
                      >
                        <span>
                          Second name
                           
                          *
                        </span>
                      </legend>
                    </fieldset>
                  </div>
                </div>
                <div
                  class="MuiFormControl-root MuiFormControl-marginNormal MuiFormControl-fullWidth MuiTextField-root css-17vbkzs-MuiFormControl-root-MuiTextField-root"
                >
                  <label
                    class="MuiFormLabel-root MuiInputLabel-root MuiInputLabel-formControl MuiInputLabel-animated MuiInputLabel-outlined MuiFormLabel-colorPrimary Mui-required MuiInputLabel-root MuiInputLabel-formControl MuiInputLabel-animated MuiInputLabel-outlined css-14s5rfu-MuiFormLabel-root-MuiInputLabel-root"
                    data-shrink="false"
                    for="display_name"
                    id="display_name-label"
                  >
                    Display name
                    <span
                      aria-hidden="true"
                      class="MuiFormLabel-asterisk MuiInputLabel-asterisk css-wgai2y-MuiFormLabel-asterisk"
                    >
                       
                      *
                    </span>
                  </label>
                  <div
                    class="MuiInputBase-root MuiOutlinedInput-root MuiInputBase-colorPrimary MuiInputBase-fullWidth MuiInputBase-formControl css-md26zr-MuiInputBase-root-MuiOutlinedInput-root"
                  >
                    <input
                      aria-invalid="false"
                      class="MuiInputBase-input MuiOutlinedInput-input css-1t8l2tu-MuiInputBase-input-MuiOutlinedInput-input"
                      id="display_name"
                      name="display_name"
                      required=""
                      type="text"
                      value=""
                    />
                    <fieldset
                      aria-hidden="true"
                      class="MuiOutlinedInput-notchedOutline css-1d3z3hw-MuiOutlinedInput-notchedOutline"
                    >
                      <legend
                        class="css-yjsfm1"
                      >
                        <span>
                          Display name
                           
                          *
                        </span>
                      </legend>
                    </fieldset>
                  </div>
                </div>
                <div
                  class="MuiFormControl-root MuiFormControl-marginNormal MuiFormControl-fullWidth MuiTextField-root css-17vbkzs-MuiFormControl-root-MuiTextField-root"
                >
                  <label
                    class="MuiFormLabel-root MuiInputLabel-root MuiInputLabel-formControl MuiInputLabel-animated MuiInputLabel-shrink MuiInputLabel-outlined MuiFormLabel-colorPrimary MuiFormLabel-filled Mui-required MuiInputLabel-root MuiInputLabel-formControl MuiInputLabel-animated MuiInputLabel-shrink MuiInputLabel-outlined css-1sumxir-MuiFormLabel-root-MuiInputLabel-root"
                    data-shrink="true"
                    for="phone"
                    id="phone-label"
                  >
                    Phone
                    <span
                      aria-hidden="true"
                      class="MuiFormLabel-asterisk MuiInputLabel-asterisk css-wgai2y-MuiFormLabel-asterisk"
                    >
                       
                      *
                    </span>
                  </label>
                  <div
                    class="MuiInputBase-root MuiOutlinedInput-root MuiInputBase-colorPrimary MuiInputBase-fullWidth MuiInputBase-formControl css-md26zr-MuiInputBase-root-MuiOutlinedInput-root"
                  >
                    <input
                      aria-invalid="false"
                      class="MuiInputBase-input MuiOutlinedInput-input css-1t8l2tu-MuiInputBase-input-MuiOutlinedInput-input"
                      id="phone"
                      name="phone"
                      required=""
                      type="text"
                      value="1234567890"
                    />
                    <fieldset
                      aria-hidden="true"
                      class="MuiOutlinedInput-notchedOutline css-1d3z3hw-MuiOutlinedInput-notchedOutline"
                    >
                      <legend
                        class="css-14lo706"
                      >
                        <span>
                          Phone
                           
                          *
                        </span>
                      </legend>
                    </fieldset>
                  </div>
                </div>
              </div>
              <div
                class="MuiCardActions-root MuiCardActions-spacing css-wb5jer-MuiCardActions-root"
              >
                <button
                  class="MuiButtonBase-root MuiButton-root MuiButton-contained MuiButton-containedPrimary MuiButton-sizeMedium MuiButton-containedSizeMedium MuiButton-fullWidth MuiButton-root MuiButton-contained MuiButton-containedPrimary MuiButton-sizeMedium MuiButton-containedSizeMedium MuiButton-fullWidth css-1vhaqj4-MuiButtonBase-root-MuiButton-root"
                  tabindex="0"
                  type="submit"
                >
                  Save
                  <span
                    class="MuiTouchRipple-root css-8je8zh-MuiTouchRipple-root"
                  />
                </button>
              </div>
            </div>
          </div>
        </form>
      </div>
    </div>
  </div>
</div>
`;
