// Jest Snapshot v1, https://goo.gl/fbAQLP

exports[`Not Found Page should match snapshot 1`] = `
<div>
  <div
    class="MuiBox-root css-wlq4rs"
  >
    <div
      class="MuiBox-root css-5jrfta"
    >
      <h1
        class="MuiTypography-root MuiTypography-body1 main-page__name css-v6tnx3-MuiTypography-root"
      >
        Oops...Error!
      </h1>
      <button
        class="MuiButtonBase-root MuiButton-root MuiButton-contained MuiButton-containedPrimary MuiButton-sizeLarge MuiButton-containedSizeLarge MuiButton-root MuiButton-contained MuiButton-containedPrimary MuiButton-sizeLarge MuiButton-containedSizeLarge css-jh47zj-MuiButtonBase-root-MuiButton-root"
        tabindex="0"
        type="button"
      >
        Back
        <span
          class="MuiTouchRipple-root css-8je8zh-MuiTouchRipple-root"
        />
      </button>
    </div>
  </div>
</div>
`;
